mode: set
github.com/kubeedge/kubeedge/pkg/util/pass-through/pass_through.go:16.40,19.16 2 1
github.com/kubeedge/kubeedge/pkg/util/pass-through/pass_through.go:19.16,21.3 1 0
github.com/kubeedge/kubeedge/pkg/util/pass-through/pass_through.go:24.2,24.49 1 1
github.com/kubeedge/kubeedge/pkg/util/pass-through/pass_through.go:24.49,26.3 1 1
github.com/kubeedge/kubeedge/pkg/util/pass-through/pass_through.go:28.2,34.20 2 1
github.com/kubeedge/kubeedge/pkg/util/pass-through/pass_through.go:34.20,36.3 1 0
github.com/kubeedge/kubeedge/pkg/util/pass-through/pass_through.go:39.2,39.42 1 1
github.com/kubeedge/kubeedge/pkg/util/pass-through/pass_through.go:39.42,41.3 1 1
github.com/kubeedge/kubeedge/pkg/util/pass-through/pass_through.go:44.2,44.64 1 1
github.com/kubeedge/kubeedge/pkg/util/pass-through/pass_through.go:44.64,46.3 1 1
github.com/kubeedge/kubeedge/pkg/util/pass-through/pass_through.go:48.2,48.14 1 1
github.com/kubeedge/kubeedge/pkg/util/pass-through/pass_through.go:52.48,54.19 1 1
github.com/kubeedge/kubeedge/pkg/util/pass-through/pass_through.go:54.19,56.3 1 1
github.com/kubeedge/kubeedge/pkg/util/pass-through/pass_through.go:59.2,59.30 1 1
github.com/kubeedge/kubeedge/pkg/util/slices/slices.go:22.51,26.29 3 1
github.com/kubeedge/kubeedge/pkg/util/slices/slices.go:26.29,27.31 1 1
github.com/kubeedge/kubeedge/pkg/util/slices/slices.go:27.31,30.4 2 1
github.com/kubeedge/kubeedge/pkg/util/slices/slices.go:33.2,33.15 1 1
github.com/kubeedge/kubeedge/pkg/util/slices/slices.go:36.40,37.23 1 1
github.com/kubeedge/kubeedge/pkg/util/slices/slices.go:37.23,38.40 1 1
github.com/kubeedge/kubeedge/pkg/util/slices/slices.go:38.40,40.4 1 1
github.com/kubeedge/kubeedge/pkg/util/slices/slices.go:42.2,42.14 1 1
github.com/kubeedge/kubeedge/pkg/util/fsm/fsm.go:37.46,40.2 2 1
github.com/kubeedge/kubeedge/pkg/util/fsm/fsm.go:49.36,51.2 1 1
github.com/kubeedge/kubeedge/pkg/util/fsm/fsm.go:53.34,56.2 2 1
github.com/kubeedge/kubeedge/pkg/util/fsm/fsm.go:58.46,60.2 1 1
github.com/kubeedge/kubeedge/pkg/util/fsm/fsm.go:62.90,65.2 2 1
github.com/kubeedge/kubeedge/pkg/util/fsm/fsm.go:67.105,70.2 2 1
github.com/kubeedge/kubeedge/pkg/util/fsm/fsm.go:72.54,75.2 2 1
github.com/kubeedge/kubeedge/pkg/util/fsm/fsm.go:77.73,80.2 2 1
github.com/kubeedge/kubeedge/pkg/util/fsm/fsm.go:82.49,83.26 1 1
github.com/kubeedge/kubeedge/pkg/util/fsm/fsm.go:83.26,85.3 1 1
github.com/kubeedge/kubeedge/pkg/util/fsm/fsm.go:86.2,86.40 1 1
github.com/kubeedge/kubeedge/pkg/util/fsm/fsm.go:89.71,91.16 2 1
github.com/kubeedge/kubeedge/pkg/util/fsm/fsm.go:91.16,93.3 1 0
github.com/kubeedge/kubeedge/pkg/util/fsm/fsm.go:94.2,94.20 1 1
github.com/kubeedge/kubeedge/pkg/util/fsm/fsm.go:94.20,96.3 1 0
github.com/kubeedge/kubeedge/pkg/util/fsm/fsm.go:97.2,98.9 2 1
github.com/kubeedge/kubeedge/pkg/util/fsm/fsm.go:98.9,100.3 1 1
github.com/kubeedge/kubeedge/pkg/util/fsm/fsm.go:101.2,101.37 1 1
github.com/kubeedge/kubeedge/pkg/util/fsm/fsm.go:104.47,107.2 2 1
github.com/kubeedge/kubeedge/pkg/util/fsm/fsm.go:109.42,111.16 2 1
github.com/kubeedge/kubeedge/pkg/util/fsm/fsm.go:111.16,113.3 1 0
github.com/kubeedge/kubeedge/pkg/util/fsm/fsm.go:114.2,114.25 1 1
github.com/kubeedge/kubeedge/pkg/util/fsm/fsm.go:114.25,116.3 1 1
github.com/kubeedge/kubeedge/pkg/util/fsm/fsm.go:117.2,118.16 2 1
github.com/kubeedge/kubeedge/pkg/util/fsm/fsm.go:118.16,120.3 1 1
github.com/kubeedge/kubeedge/pkg/util/fsm/fsm.go:121.2,122.12 2 1
github.com/kubeedge/kubeedge/pkg/util/fsm/fsm.go:125.39,127.2 1 1
github.com/kubeedge/kubeedge/pkg/util/fsm/fsm.go:129.55,131.16 2 1
github.com/kubeedge/kubeedge/pkg/util/fsm/fsm.go:131.16,134.3 2 0
github.com/kubeedge/kubeedge/pkg/util/fsm/fsm.go:135.2,135.65 1 1
github.com/kubeedge/kubeedge/pkg/util/fsm/fsm.go:135.65,137.3 1 1
github.com/kubeedge/kubeedge/pkg/util/fsm/fsm.go:138.2,138.14 1 1
github.com/kubeedge/kubeedge/pkg/util/flag/flags.go:36.41,38.2 1 1
github.com/kubeedge/kubeedge/pkg/util/flag/flags.go:40.41,42.2 1 1
github.com/kubeedge/kubeedge/pkg/util/flag/flags.go:44.43,46.13 2 1
github.com/kubeedge/kubeedge/pkg/util/flag/flags.go:46.13,48.3 1 1
github.com/kubeedge/kubeedge/pkg/util/flag/flags.go:48.8,50.3 1 1
github.com/kubeedge/kubeedge/pkg/util/flag/flags.go:51.2,51.12 1 1
github.com/kubeedge/kubeedge/pkg/util/flag/flags.go:54.39,56.2 1 1
github.com/kubeedge/kubeedge/pkg/util/flag/flags.go:59.37,61.2 1 1
github.com/kubeedge/kubeedge/pkg/util/flag/flags.go:63.78,67.2 3 1
github.com/kubeedge/kubeedge/pkg/util/flag/flags.go:69.72,73.2 3 1
github.com/kubeedge/kubeedge/pkg/util/flag/flags.go:85.34,88.2 2 0
github.com/kubeedge/kubeedge/pkg/util/flag/flags.go:92.59,93.34 1 1
github.com/kubeedge/kubeedge/pkg/util/flag/flags.go:93.34,95.17 2 0
github.com/kubeedge/kubeedge/pkg/util/flag/flags.go:95.17,98.4 2 0
github.com/kubeedge/kubeedge/pkg/util/flag/flags.go:99.3,103.13 5 0
github.com/kubeedge/kubeedge/pkg/util/flag/flags.go:109.63,110.38 1 1
github.com/kubeedge/kubeedge/pkg/util/flag/flags.go:110.38,112.17 2 0
github.com/kubeedge/kubeedge/pkg/util/flag/flags.go:112.17,115.4 2 0
github.com/kubeedge/kubeedge/pkg/util/flag/flags.go:116.3,120.13 5 0
github.com/kubeedge/kubeedge/pkg/util/flag/flags.go:125.39,126.40 1 0
github.com/kubeedge/kubeedge/pkg/util/flag/flags.go:126.40,128.3 1 0
github.com/kubeedge/kubeedge/pkg/util/files/files.go:30.38,32.16 2 1
github.com/kubeedge/kubeedge/pkg/util/files/files.go:32.16,34.3 1 1
github.com/kubeedge/kubeedge/pkg/util/files/files.go:36.2,36.40 1 1
github.com/kubeedge/kubeedge/pkg/util/files/files.go:36.40,38.3 1 1
github.com/kubeedge/kubeedge/pkg/util/files/files.go:40.2,41.16 2 1
github.com/kubeedge/kubeedge/pkg/util/files/files.go:41.16,43.3 1 0
github.com/kubeedge/kubeedge/pkg/util/files/files.go:44.2,48.16 3 1
github.com/kubeedge/kubeedge/pkg/util/files/files.go:48.16,50.3 1 0
github.com/kubeedge/kubeedge/pkg/util/files/files.go:51.2,54.12 3 1
github.com/kubeedge/kubeedge/pkg/util/files/files.go:57.35,59.16 2 1
github.com/kubeedge/kubeedge/pkg/util/files/files.go:59.16,61.3 1 1
github.com/kubeedge/kubeedge/pkg/util/files/files.go:62.2,62.13 1 1
github.com/kubeedge/kubeedge/pkg/util/files/files.go:67.60,70.16 3 1
github.com/kubeedge/kubeedge/pkg/util/files/files.go:70.16,72.3 1 0
github.com/kubeedge/kubeedge/pkg/util/files/files.go:73.2,73.32 1 1
github.com/kubeedge/kubeedge/pkg/util/files/files.go:73.32,74.20 1 1
github.com/kubeedge/kubeedge/pkg/util/files/files.go:74.20,76.4 1 1
github.com/kubeedge/kubeedge/pkg/util/files/files.go:78.2,78.13 1 1
github.com/kubeedge/kubeedge/pkg/util/files/files.go:78.13,80.3 1 1
github.com/kubeedge/kubeedge/pkg/util/files/files.go:82.2,82.48 1 1
github.com/kubeedge/kubeedge/pkg/util/files/files.go:82.48,84.17 2 1
github.com/kubeedge/kubeedge/pkg/util/files/files.go:84.17,87.4 2 0
github.com/kubeedge/kubeedge/pkg/util/files/files.go:88.3,89.17 2 1
github.com/kubeedge/kubeedge/pkg/util/files/files.go:89.17,92.4 2 0
github.com/kubeedge/kubeedge/pkg/util/files/files.go:93.3,93.48 1 1
github.com/kubeedge/kubeedge/pkg/util/files/files.go:96.2,96.21 1 1
github.com/kubeedge/kubeedge/pkg/util/validation/check.go:8.36,10.16 2 1
github.com/kubeedge/kubeedge/pkg/util/validation/check.go:10.16,12.3 1 1
github.com/kubeedge/kubeedge/pkg/util/validation/check.go:13.2,13.24 1 1
github.com/kubeedge/kubeedge/pkg/util/validation/validation.go:25.39,26.31 1 1
github.com/kubeedge/kubeedge/pkg/util/validation/validation.go:26.31,28.3 1 1
github.com/kubeedge/kubeedge/pkg/util/validation/validation.go:29.2,29.12 1 1
github.com/kubeedge/kubeedge/pkg/util/validation/validation.go:33.40,34.32 1 1
github.com/kubeedge/kubeedge/pkg/util/validation/validation.go:34.32,36.3 1 1
github.com/kubeedge/kubeedge/pkg/util/validation/validation.go:37.2,37.48 1 1
github.com/kubeedge/kubeedge/pkg/util/validation/validation.go:42.45,44.2 1 1
github.com/kubeedge/kubeedge/pkg/util/execs/exec.go:21.34,28.40 5 1
github.com/kubeedge/kubeedge/pkg/util/execs/exec.go:28.40,31.3 2 1
github.com/kubeedge/kubeedge/pkg/util/execs/exec.go:33.2,33.39 1 1
github.com/kubeedge/kubeedge/pkg/util/execs/exec.go:33.39,37.3 3 1
github.com/kubeedge/kubeedge/pkg/util/execs/exec.go:39.2,40.12 2 1
github.com/kubeedge/kubeedge/pkg/util/execs/exec.go:46.73,47.43 1 1
github.com/kubeedge/kubeedge/pkg/util/execs/exec.go:47.43,49.20 2 1
github.com/kubeedge/kubeedge/pkg/util/execs/exec.go:49.20,51.4 1 1
github.com/kubeedge/kubeedge/pkg/util/execs/exec.go:52.3,53.56 2 1
github.com/kubeedge/kubeedge/pkg/util/execs/exec.go:55.2,56.51 2 1
github.com/kubeedge/kubeedge/pkg/util/execs/exec.go:59.40,61.2 1 1
github.com/kubeedge/kubeedge/pkg/util/execs/exec_others.go:26.42,30.2 1 1
github.com/kubeedge/kubeedge/pkg/util/execs/exec_others.go:32.39,33.26 1 1
github.com/kubeedge/kubeedge/pkg/util/execs/exec_others.go:33.26,35.3 1 1
github.com/kubeedge/kubeedge/pkg/util/execs/exec_others.go:36.2,36.11 1 1
github.com/kubeedge/kubeedge/pkg/util/execs/exec_others.go:39.39,40.26 1 1
github.com/kubeedge/kubeedge/pkg/util/execs/exec_others.go:40.26,42.3 1 1
github.com/kubeedge/kubeedge/pkg/util/execs/exec_others.go:43.2,43.11 1 1
github.com/kubeedge/kubeedge/pkg/util/dummy_device_linux.go:32.50,34.2 1 1
github.com/kubeedge/kubeedge/pkg/util/dummy_device_linux.go:37.78,39.16 2 1
github.com/kubeedge/kubeedge/pkg/util/dummy_device_linux.go:39.16,42.3 1 1
github.com/kubeedge/kubeedge/pkg/util/dummy_device_linux.go:43.2,47.32 3 1
github.com/kubeedge/kubeedge/pkg/util/dummy_device_linux.go:51.70,53.16 2 1
github.com/kubeedge/kubeedge/pkg/util/dummy_device_linux.go:53.16,55.9 2 1
github.com/kubeedge/kubeedge/pkg/util/dummy_device_linux.go:55.9,57.4 1 1
github.com/kubeedge/kubeedge/pkg/util/dummy_device_linux.go:58.3,58.86 1 1
github.com/kubeedge/kubeedge/pkg/util/dummy_device_linux.go:60.2,61.9 2 1
github.com/kubeedge/kubeedge/pkg/util/dummy_device_linux.go:61.9,63.3 1 1
github.com/kubeedge/kubeedge/pkg/util/dummy_device_linux.go:64.2,64.25 1 1
github.com/kubeedge/kubeedge/pkg/util/dummy_device_linux.go:68.80,70.16 2 1
github.com/kubeedge/kubeedge/pkg/util/dummy_device_linux.go:70.16,72.3 1 1
github.com/kubeedge/kubeedge/pkg/util/dummy_device_linux.go:73.2,74.16 2 1
github.com/kubeedge/kubeedge/pkg/util/dummy_device_linux.go:74.16,76.3 1 1
github.com/kubeedge/kubeedge/pkg/util/dummy_device_linux.go:77.2,78.29 2 1
github.com/kubeedge/kubeedge/pkg/util/dummy_device_linux.go:78.29,80.3 1 1
github.com/kubeedge/kubeedge/pkg/util/dummy_device_linux.go:81.2,81.17 1 1
github.com/kubeedge/kubeedge/pkg/util/dummy_device_linux.go:85.87,87.16 2 1
github.com/kubeedge/kubeedge/pkg/util/dummy_device_linux.go:87.16,89.3 1 1
github.com/kubeedge/kubeedge/pkg/util/dummy_device_linux.go:90.2,91.17 2 1
github.com/kubeedge/kubeedge/pkg/util/dummy_device_linux.go:91.17,93.3 1 1
github.com/kubeedge/kubeedge/pkg/util/dummy_device_linux.go:94.2,94.85 1 1
github.com/kubeedge/kubeedge/pkg/util/dummy_device_linux.go:94.85,96.25 1 1
github.com/kubeedge/kubeedge/pkg/util/dummy_device_linux.go:96.25,98.4 1 1
github.com/kubeedge/kubeedge/pkg/util/dummy_device_linux.go:99.3,99.104 1 1
github.com/kubeedge/kubeedge/pkg/util/dummy_device_linux.go:101.2,101.19 1 1
github.com/kubeedge/kubeedge/pkg/util/util.go:35.50,45.16 4 1
github.com/kubeedge/kubeedge/pkg/util/util.go:45.16,47.3 1 1
github.com/kubeedge/kubeedge/pkg/util/util.go:50.2,51.29 2 0
github.com/kubeedge/kubeedge/pkg/util/util.go:51.29,52.46 1 0
github.com/kubeedge/kubeedge/pkg/util/util.go:52.46,53.12 1 0
github.com/kubeedge/kubeedge/pkg/util/util.go:55.3,55.24 1 0
github.com/kubeedge/kubeedge/pkg/util/util.go:55.24,57.9 2 0
github.com/kubeedge/kubeedge/pkg/util/util.go:59.3,59.42 1 0
github.com/kubeedge/kubeedge/pkg/util/util.go:59.42,61.4 1 0
github.com/kubeedge/kubeedge/pkg/util/util.go:63.2,63.19 1 0
github.com/kubeedge/kubeedge/pkg/util/util.go:63.19,65.3 1 0
github.com/kubeedge/kubeedge/pkg/util/util.go:67.2,67.29 1 0
github.com/kubeedge/kubeedge/pkg/util/util.go:71.42,73.49 1 1
github.com/kubeedge/kubeedge/pkg/util/util.go:73.49,75.3 1 1
github.com/kubeedge/kubeedge/pkg/util/util.go:76.2,76.25 1 1
github.com/kubeedge/kubeedge/pkg/util/util.go:76.25,78.3 1 1
github.com/kubeedge/kubeedge/pkg/util/util.go:79.2,79.26 1 1
github.com/kubeedge/kubeedge/pkg/util/util.go:79.26,81.3 1 1
github.com/kubeedge/kubeedge/pkg/util/util.go:82.2,82.33 1 1
github.com/kubeedge/kubeedge/pkg/util/util.go:82.33,84.3 1 1
github.com/kubeedge/kubeedge/pkg/util/util.go:85.2,85.28 1 1
github.com/kubeedge/kubeedge/pkg/util/util.go:85.28,87.3 1 1
github.com/kubeedge/kubeedge/pkg/util/util.go:89.2,90.16 2 1
github.com/kubeedge/kubeedge/pkg/util/util.go:90.16,92.3 1 1
github.com/kubeedge/kubeedge/pkg/util/util.go:93.2,93.29 1 1
github.com/kubeedge/kubeedge/pkg/util/util.go:93.29,95.27 2 1
github.com/kubeedge/kubeedge/pkg/util/util.go:96.19,97.13 1 1
github.com/kubeedge/kubeedge/pkg/util/util.go:98.20,99.13 1 0
github.com/kubeedge/kubeedge/pkg/util/util.go:101.3,101.36 1 1
github.com/kubeedge/kubeedge/pkg/util/util.go:101.36,103.4 1 1
github.com/kubeedge/kubeedge/pkg/util/util.go:105.2,105.94 1 1
github.com/kubeedge/kubeedge/pkg/util/util.go:109.57,112.16 3 1
github.com/kubeedge/kubeedge/pkg/util/util.go:112.16,114.3 1 1
github.com/kubeedge/kubeedge/pkg/util/util.go:115.2,115.45 1 1
github.com/kubeedge/kubeedge/pkg/util/util.go:119.26,124.2 4 1
github.com/kubeedge/kubeedge/pkg/util/util.go:126.42,127.22 1 1
github.com/kubeedge/kubeedge/pkg/util/util.go:127.22,129.3 1 1
github.com/kubeedge/kubeedge/pkg/util/util.go:130.2,132.29 3 1
github.com/kubeedge/kubeedge/pkg/util/util.go:132.29,134.3 1 1
github.com/kubeedge/kubeedge/pkg/util/util.go:135.2,136.21 2 1
github.com/kubeedge/kubeedge/pkg/util/util.go:140.27,142.16 2 1
github.com/kubeedge/kubeedge/pkg/util/util.go:142.16,144.3 1 1
github.com/kubeedge/kubeedge/pkg/util/util.go:145.2,146.19 2 1
github.com/kubeedge/kubeedge/pkg/util/util.go:146.19,148.3 1 0
github.com/kubeedge/kubeedge/pkg/util/util.go:149.2,149.25 1 1
github.com/kubeedge/kubeedge/pkg/util/util.go:153.41,155.23 2 1
github.com/kubeedge/kubeedge/pkg/util/util.go:155.23,157.3 1 1
github.com/kubeedge/kubeedge/pkg/util/util.go:158.2,158.21 1 1
github.com/kubeedge/kubeedge/pkg/util/util.go:162.51,164.2 1 1
github.com/kubeedge/kubeedge/pkg/util/util.go:167.67,169.21 2 1
github.com/kubeedge/kubeedge/pkg/util/util.go:169.21,171.3 1 1
github.com/kubeedge/kubeedge/pkg/util/util.go:172.2,172.32 1 1
