mode: set
github.com/kubeedge/kubeedge/pkg/stream/flushwriter/writer.go:29.57,31.16 2 1
github.com/kubeedge/kubeedge/pkg/stream/flushwriter/writer.go:31.16,33.3 1 1
github.com/kubeedge/kubeedge/pkg/stream/flushwriter/writer.go:34.2,34.22 1 1
github.com/kubeedge/kubeedge/pkg/stream/flushwriter/writer.go:34.22,36.3 1 1
github.com/kubeedge/kubeedge/pkg/stream/flushwriter/writer.go:37.2,37.8 1 1
github.com/kubeedge/kubeedge/pkg/stream/flushwriter/writer.go:40.34,44.41 2 1
github.com/kubeedge/kubeedge/pkg/stream/flushwriter/writer.go:44.41,46.3 1 1
github.com/kubeedge/kubeedge/pkg/stream/flushwriter/writer.go:47.2,47.15 1 1
github.com/kubeedge/kubeedge/pkg/stream/edgedattachconnection.go:41.75,43.16 2 1
github.com/kubeedge/kubeedge/pkg/stream/edgedattachconnection.go:43.16,45.3 1 0
github.com/kubeedge/kubeedge/pkg/stream/edgedattachconnection.go:46.2,46.67 1 1
github.com/kubeedge/kubeedge/pkg/stream/edgedattachconnection.go:49.56,51.2 1 1
github.com/kubeedge/kubeedge/pkg/stream/edgedattachconnection.go:53.50,55.2 1 1
github.com/kubeedge/kubeedge/pkg/stream/edgedattachconnection.go:57.67,59.2 1 1
github.com/kubeedge/kubeedge/pkg/stream/edgedattachconnection.go:61.53,63.2 1 1
github.com/kubeedge/kubeedge/pkg/stream/edgedattachconnection.go:65.49,66.6 1 1
github.com/kubeedge/kubeedge/pkg/stream/edgedattachconnection.go:66.6,67.10 1 1
github.com/kubeedge/kubeedge/pkg/stream/edgedattachconnection.go:68.18,68.18 0 1
github.com/kubeedge/kubeedge/pkg/stream/edgedattachconnection.go:69.11,70.10 1 1
github.com/kubeedge/kubeedge/pkg/stream/edgedattachconnection.go:75.91,76.35 1 1
github.com/kubeedge/kubeedge/pkg/stream/edgedattachconnection.go:76.35,77.30 1 1
github.com/kubeedge/kubeedge/pkg/stream/edgedattachconnection.go:78.33,80.22 2 1
github.com/kubeedge/kubeedge/pkg/stream/edgedattachconnection.go:81.24,84.18 3 1
github.com/kubeedge/kubeedge/pkg/stream/edgedattachconnection.go:84.18,86.5 1 1
github.com/kubeedge/kubeedge/pkg/stream/edgedattachconnection.go:89.2,89.56 1 1
github.com/kubeedge/kubeedge/pkg/stream/edgedattachconnection.go:92.112,93.15 1 1
github.com/kubeedge/kubeedge/pkg/stream/edgedattachconnection.go:93.15,95.3 1 1
github.com/kubeedge/kubeedge/pkg/stream/edgedattachconnection.go:97.2,98.6 2 1
github.com/kubeedge/kubeedge/pkg/stream/edgedattachconnection.go:98.6,100.17 2 1
github.com/kubeedge/kubeedge/pkg/stream/edgedattachconnection.go:100.17,101.31 1 1
github.com/kubeedge/kubeedge/pkg/stream/edgedattachconnection.go:101.31,103.5 1 1
github.com/kubeedge/kubeedge/pkg/stream/edgedattachconnection.go:104.4,104.10 1 1
github.com/kubeedge/kubeedge/pkg/stream/edgedattachconnection.go:106.3,107.50 2 1
github.com/kubeedge/kubeedge/pkg/stream/edgedattachconnection.go:107.50,110.4 2 1
github.com/kubeedge/kubeedge/pkg/stream/edgedattachconnection.go:111.3,111.68 1 1
github.com/kubeedge/kubeedge/pkg/stream/edgedattachconnection.go:115.72,117.16 2 0
github.com/kubeedge/kubeedge/pkg/stream/edgedattachconnection.go:117.16,119.3 1 0
github.com/kubeedge/kubeedge/pkg/stream/edgedattachconnection.go:120.2,121.16 2 0
github.com/kubeedge/kubeedge/pkg/stream/edgedattachconnection.go:121.16,123.3 1 0
github.com/kubeedge/kubeedge/pkg/stream/edgedattachconnection.go:124.2,126.16 3 0
github.com/kubeedge/kubeedge/pkg/stream/edgedattachconnection.go:126.16,129.3 2 0
github.com/kubeedge/kubeedge/pkg/stream/edgedattachconnection.go:130.2,134.15 3 0
github.com/kubeedge/kubeedge/pkg/stream/edgedattachconnection.go:134.15,135.38 1 0
github.com/kubeedge/kubeedge/pkg/stream/edgedattachconnection.go:135.38,137.51 2 0
github.com/kubeedge/kubeedge/pkg/stream/edgedattachconnection.go:137.51,139.5 1 0
github.com/kubeedge/kubeedge/pkg/stream/edgedattachconnection.go:139.10,140.10 1 0
github.com/kubeedge/kubeedge/pkg/stream/edgedattachconnection.go:145.2,149.12 4 0
github.com/kubeedge/kubeedge/pkg/stream/edgedexecconnection.go:25.72,27.16 2 1
github.com/kubeedge/kubeedge/pkg/stream/edgedexecconnection.go:27.16,29.3 1 0
github.com/kubeedge/kubeedge/pkg/stream/edgedexecconnection.go:30.2,30.64 1 1
github.com/kubeedge/kubeedge/pkg/stream/edgedexecconnection.go:33.53,35.2 1 0
github.com/kubeedge/kubeedge/pkg/stream/edgedexecconnection.go:37.47,39.2 1 1
github.com/kubeedge/kubeedge/pkg/stream/edgedexecconnection.go:41.64,43.2 1 1
github.com/kubeedge/kubeedge/pkg/stream/edgedexecconnection.go:45.50,47.2 1 1
github.com/kubeedge/kubeedge/pkg/stream/edgedexecconnection.go:49.46,50.6 1 1
github.com/kubeedge/kubeedge/pkg/stream/edgedexecconnection.go:50.6,51.10 1 1
github.com/kubeedge/kubeedge/pkg/stream/edgedexecconnection.go:52.17,52.17 0 1
github.com/kubeedge/kubeedge/pkg/stream/edgedexecconnection.go:53.11,54.10 1 1
github.com/kubeedge/kubeedge/pkg/stream/edgedexecconnection.go:61.78,64.2 2 0
github.com/kubeedge/kubeedge/pkg/stream/edgedexecconnection.go:66.88,67.34 1 1
github.com/kubeedge/kubeedge/pkg/stream/edgedexecconnection.go:67.34,68.30 1 1
github.com/kubeedge/kubeedge/pkg/stream/edgedexecconnection.go:69.33,71.22 2 1
github.com/kubeedge/kubeedge/pkg/stream/edgedexecconnection.go:72.24,75.18 3 1
github.com/kubeedge/kubeedge/pkg/stream/edgedexecconnection.go:75.18,77.5 1 0
github.com/kubeedge/kubeedge/pkg/stream/edgedexecconnection.go:80.2,80.55 1 1
github.com/kubeedge/kubeedge/pkg/stream/edgedexecconnection.go:83.109,84.15 1 1
github.com/kubeedge/kubeedge/pkg/stream/edgedexecconnection.go:84.15,86.3 1 1
github.com/kubeedge/kubeedge/pkg/stream/edgedexecconnection.go:88.2,89.6 2 1
github.com/kubeedge/kubeedge/pkg/stream/edgedexecconnection.go:89.6,91.17 2 1
github.com/kubeedge/kubeedge/pkg/stream/edgedexecconnection.go:91.17,92.31 1 1
github.com/kubeedge/kubeedge/pkg/stream/edgedexecconnection.go:92.31,94.5 1 1
github.com/kubeedge/kubeedge/pkg/stream/edgedexecconnection.go:95.4,95.10 1 1
github.com/kubeedge/kubeedge/pkg/stream/edgedexecconnection.go:97.3,98.50 2 1
github.com/kubeedge/kubeedge/pkg/stream/edgedexecconnection.go:98.50,101.4 2 1
github.com/kubeedge/kubeedge/pkg/stream/edgedexecconnection.go:102.3,102.65 1 1
github.com/kubeedge/kubeedge/pkg/stream/edgedexecconnection.go:106.69,108.16 2 0
github.com/kubeedge/kubeedge/pkg/stream/edgedexecconnection.go:108.16,110.3 1 0
github.com/kubeedge/kubeedge/pkg/stream/edgedexecconnection.go:111.2,112.16 2 0
github.com/kubeedge/kubeedge/pkg/stream/edgedexecconnection.go:112.16,114.3 1 0
github.com/kubeedge/kubeedge/pkg/stream/edgedexecconnection.go:115.2,117.16 3 0
github.com/kubeedge/kubeedge/pkg/stream/edgedexecconnection.go:117.16,120.3 2 0
github.com/kubeedge/kubeedge/pkg/stream/edgedexecconnection.go:121.2,125.15 3 0
github.com/kubeedge/kubeedge/pkg/stream/edgedexecconnection.go:125.15,126.38 1 0
github.com/kubeedge/kubeedge/pkg/stream/edgedexecconnection.go:126.38,128.51 2 0
github.com/kubeedge/kubeedge/pkg/stream/edgedexecconnection.go:128.51,130.5 1 0
github.com/kubeedge/kubeedge/pkg/stream/edgedexecconnection.go:130.10,131.10 1 0
github.com/kubeedge/kubeedge/pkg/stream/edgedexecconnection.go:136.2,140.12 4 0
github.com/kubeedge/kubeedge/pkg/stream/edgedlogconnection.go:39.53,41.2 1 0
github.com/kubeedge/kubeedge/pkg/stream/edgedlogconnection.go:43.64,45.2 1 1
github.com/kubeedge/kubeedge/pkg/stream/edgedlogconnection.go:47.50,49.2 1 1
github.com/kubeedge/kubeedge/pkg/stream/edgedlogconnection.go:51.46,52.6 1 0
github.com/kubeedge/kubeedge/pkg/stream/edgedlogconnection.go:52.6,53.10 1 0
github.com/kubeedge/kubeedge/pkg/stream/edgedlogconnection.go:54.17,54.17 0 0
github.com/kubeedge/kubeedge/pkg/stream/edgedlogconnection.go:55.11,56.10 1 0
github.com/kubeedge/kubeedge/pkg/stream/edgedlogconnection.go:61.72,63.16 2 1
github.com/kubeedge/kubeedge/pkg/stream/edgedlogconnection.go:63.16,65.3 1 0
github.com/kubeedge/kubeedge/pkg/stream/edgedlogconnection.go:66.2,66.64 1 1
github.com/kubeedge/kubeedge/pkg/stream/edgedlogconnection.go:69.47,71.2 1 1
github.com/kubeedge/kubeedge/pkg/stream/edgedlogconnection.go:73.74,74.31 1 0
github.com/kubeedge/kubeedge/pkg/stream/edgedlogconnection.go:74.31,75.51 1 0
github.com/kubeedge/kubeedge/pkg/stream/edgedlogconnection.go:75.51,78.4 2 0
github.com/kubeedge/kubeedge/pkg/stream/edgedlogconnection.go:80.2,80.55 1 0
github.com/kubeedge/kubeedge/pkg/stream/edgedlogconnection.go:83.116,84.15 1 0
github.com/kubeedge/kubeedge/pkg/stream/edgedlogconnection.go:84.15,86.3 1 0
github.com/kubeedge/kubeedge/pkg/stream/edgedlogconnection.go:87.2,88.6 2 0
github.com/kubeedge/kubeedge/pkg/stream/edgedlogconnection.go:88.6,90.17 2 0
github.com/kubeedge/kubeedge/pkg/stream/edgedlogconnection.go:90.17,91.31 1 0
github.com/kubeedge/kubeedge/pkg/stream/edgedlogconnection.go:91.31,93.5 1 0
github.com/kubeedge/kubeedge/pkg/stream/edgedlogconnection.go:94.4,94.10 1 0
github.com/kubeedge/kubeedge/pkg/stream/edgedlogconnection.go:97.3,100.17 3 0
github.com/kubeedge/kubeedge/pkg/stream/edgedlogconnection.go:100.17,103.4 2 0
github.com/kubeedge/kubeedge/pkg/stream/edgedlogconnection.go:104.3,104.68 1 0
github.com/kubeedge/kubeedge/pkg/stream/edgedlogconnection.go:108.69,112.16 3 0
github.com/kubeedge/kubeedge/pkg/stream/edgedlogconnection.go:112.16,115.3 2 0
github.com/kubeedge/kubeedge/pkg/stream/edgedlogconnection.go:116.2,118.16 3 0
github.com/kubeedge/kubeedge/pkg/stream/edgedlogconnection.go:118.16,121.3 2 0
github.com/kubeedge/kubeedge/pkg/stream/edgedlogconnection.go:122.2,127.15 4 0
github.com/kubeedge/kubeedge/pkg/stream/edgedlogconnection.go:127.15,128.38 1 0
github.com/kubeedge/kubeedge/pkg/stream/edgedlogconnection.go:128.38,130.51 2 0
github.com/kubeedge/kubeedge/pkg/stream/edgedlogconnection.go:130.51,132.5 1 0
github.com/kubeedge/kubeedge/pkg/stream/edgedlogconnection.go:132.10,133.10 1 0
github.com/kubeedge/kubeedge/pkg/stream/edgedlogconnection.go:138.2,142.12 4 0
github.com/kubeedge/kubeedge/pkg/stream/edgedmetricsconnection.go:37.57,39.2 1 1
github.com/kubeedge/kubeedge/pkg/stream/edgedmetricsconnection.go:41.68,43.2 1 1
github.com/kubeedge/kubeedge/pkg/stream/edgedmetricsconnection.go:45.54,47.2 1 1
github.com/kubeedge/kubeedge/pkg/stream/edgedmetricsconnection.go:49.50,50.6 1 1
github.com/kubeedge/kubeedge/pkg/stream/edgedmetricsconnection.go:50.6,51.10 1 1
github.com/kubeedge/kubeedge/pkg/stream/edgedmetricsconnection.go:52.18,52.18 0 1
github.com/kubeedge/kubeedge/pkg/stream/edgedmetricsconnection.go:53.11,54.10 1 1
github.com/kubeedge/kubeedge/pkg/stream/edgedmetricsconnection.go:59.76,61.16 2 1
github.com/kubeedge/kubeedge/pkg/stream/edgedmetricsconnection.go:61.16,63.3 1 0
github.com/kubeedge/kubeedge/pkg/stream/edgedmetricsconnection.go:64.2,64.67 1 1
github.com/kubeedge/kubeedge/pkg/stream/edgedmetricsconnection.go:67.51,69.2 1 1
github.com/kubeedge/kubeedge/pkg/stream/edgedmetricsconnection.go:71.78,72.32 1 1
github.com/kubeedge/kubeedge/pkg/stream/edgedmetricsconnection.go:72.32,73.51 1 1
github.com/kubeedge/kubeedge/pkg/stream/edgedmetricsconnection.go:73.51,76.4 2 1
github.com/kubeedge/kubeedge/pkg/stream/edgedmetricsconnection.go:78.2,78.56 1 1
github.com/kubeedge/kubeedge/pkg/stream/edgedmetricsconnection.go:81.120,82.15 1 1
github.com/kubeedge/kubeedge/pkg/stream/edgedmetricsconnection.go:82.15,84.3 1 1
github.com/kubeedge/kubeedge/pkg/stream/edgedmetricsconnection.go:85.2,86.18 2 1
github.com/kubeedge/kubeedge/pkg/stream/edgedmetricsconnection.go:86.18,90.17 3 1
github.com/kubeedge/kubeedge/pkg/stream/edgedmetricsconnection.go:90.17,93.4 2 1
github.com/kubeedge/kubeedge/pkg/stream/edgedmetricsconnection.go:94.3,94.81 1 1
github.com/kubeedge/kubeedge/pkg/stream/edgedmetricsconnection.go:98.73,102.16 3 1
github.com/kubeedge/kubeedge/pkg/stream/edgedmetricsconnection.go:102.16,105.3 2 0
github.com/kubeedge/kubeedge/pkg/stream/edgedmetricsconnection.go:106.2,114.16 4 1
github.com/kubeedge/kubeedge/pkg/stream/edgedmetricsconnection.go:114.16,117.3 2 0
github.com/kubeedge/kubeedge/pkg/stream/edgedmetricsconnection.go:118.2,122.15 3 1
github.com/kubeedge/kubeedge/pkg/stream/edgedmetricsconnection.go:122.15,123.38 1 1
github.com/kubeedge/kubeedge/pkg/stream/edgedmetricsconnection.go:123.38,125.51 2 1
github.com/kubeedge/kubeedge/pkg/stream/edgedmetricsconnection.go:125.51,127.5 1 0
github.com/kubeedge/kubeedge/pkg/stream/edgedmetricsconnection.go:127.10,128.10 1 1
github.com/kubeedge/kubeedge/pkg/stream/edgedmetricsconnection.go:133.2,137.12 4 1
github.com/kubeedge/kubeedge/pkg/stream/message.go:32.38,33.11 1 1
github.com/kubeedge/kubeedge/pkg/stream/message.go:34.30,35.24 1 1
github.com/kubeedge/kubeedge/pkg/stream/message.go:36.30,37.24 1 1
github.com/kubeedge/kubeedge/pkg/stream/message.go:38.32,39.26 1 1
github.com/kubeedge/kubeedge/pkg/stream/message.go:40.32,41.26 1 1
github.com/kubeedge/kubeedge/pkg/stream/message.go:42.23,43.16 1 1
github.com/kubeedge/kubeedge/pkg/stream/message.go:44.32,45.26 1 1
github.com/kubeedge/kubeedge/pkg/stream/message.go:47.2,47.18 1 1
github.com/kubeedge/kubeedge/pkg/stream/message.go:57.72,63.2 1 1
github.com/kubeedge/kubeedge/pkg/stream/message.go:65.34,71.2 4 1
github.com/kubeedge/kubeedge/pkg/stream/message.go:73.35,75.2 1 1
github.com/kubeedge/kubeedge/pkg/stream/message.go:77.59,80.16 3 1
github.com/kubeedge/kubeedge/pkg/stream/message.go:80.16,82.3 1 1
github.com/kubeedge/kubeedge/pkg/stream/message.go:83.2,84.16 2 1
github.com/kubeedge/kubeedge/pkg/stream/message.go:84.16,86.3 1 1
github.com/kubeedge/kubeedge/pkg/stream/message.go:87.2,88.16 2 1
github.com/kubeedge/kubeedge/pkg/stream/message.go:88.16,90.3 1 1
github.com/kubeedge/kubeedge/pkg/stream/message.go:91.2,97.8 2 1
github.com/kubeedge/kubeedge/pkg/stream/tunnel.go:39.98,44.2 4 1
github.com/kubeedge/kubeedge/pkg/stream/tunnel.go:46.39,48.2 1 1
github.com/kubeedge/kubeedge/pkg/stream/tunnel.go:50.80,52.2 1 1
github.com/kubeedge/kubeedge/pkg/stream/tunnel.go:54.60,59.2 4 1
github.com/kubeedge/kubeedge/pkg/stream/tunnel.go:61.59,66.2 1 1
