mode: set
github.com/kubeedge/kubeedge/cloud/pkg/common/nodes/nodes.go:30.41,31.24 1 1
github.com/kubeedge/kubeedge/cloud/pkg/common/nodes/nodes.go:31.24,33.3 1 1
github.com/kubeedge/kubeedge/cloud/pkg/common/nodes/nodes.go:34.2,34.58 1 1
github.com/kubeedge/kubeedge/cloud/pkg/common/nodes/nodes.go:34.58,36.3 1 1
github.com/kubeedge/kubeedge/cloud/pkg/common/nodes/nodes.go:38.2,38.75 1 1
github.com/kubeedge/kubeedge/cloud/pkg/common/nodes/nodes.go:38.75,40.3 1 1
github.com/kubeedge/kubeedge/cloud/pkg/common/nodes/nodes.go:42.2,42.13 1 1
github.com/kubeedge/kubeedge/cloud/pkg/common/nodes/nodes.go:46.42,47.17 1 1
github.com/kubeedge/kubeedge/cloud/pkg/common/nodes/nodes.go:47.17,49.3 1 1
github.com/kubeedge/kubeedge/cloud/pkg/common/nodes/nodes.go:50.2,50.51 1 1
github.com/kubeedge/kubeedge/cloud/pkg/common/nodes/nodes.go:50.51,52.45 1 1
github.com/kubeedge/kubeedge/cloud/pkg/common/nodes/nodes.go:52.45,54.4 1 1
github.com/kubeedge/kubeedge/cloud/pkg/common/nodes/nodes.go:56.2,56.14 1 1
github.com/kubeedge/kubeedge/cloud/pkg/common/nodes/nodes.go:61.59,63.43 2 1
github.com/kubeedge/kubeedge/cloud/pkg/common/nodes/nodes.go:63.43,65.9 2 1
github.com/kubeedge/kubeedge/cloud/pkg/common/nodes/nodes.go:65.9,67.4 1 1
github.com/kubeedge/kubeedge/cloud/pkg/common/nodes/nodes.go:67.9,69.4 1 0
github.com/kubeedge/kubeedge/cloud/pkg/common/nodes/nodes.go:70.3,70.14 1 1
github.com/kubeedge/kubeedge/cloud/pkg/common/nodes/nodes.go:72.2,72.14 1 1
github.com/kubeedge/kubeedge/cloud/pkg/common/client/client.go:46.90,47.21 1 1
github.com/kubeedge/kubeedge/cloud/pkg/common/client/client.go:47.21,49.17 2 1
github.com/kubeedge/kubeedge/cloud/pkg/common/client/client.go:49.17,50.66 1 1
github.com/kubeedge/kubeedge/cloud/pkg/common/client/client.go:52.3,65.71 10 0
github.com/kubeedge/kubeedge/cloud/pkg/common/client/client.go:69.43,71.2 1 1
github.com/kubeedge/kubeedge/cloud/pkg/common/client/client.go:73.44,75.2 1 1
github.com/kubeedge/kubeedge/cloud/pkg/common/client/client.go:77.43,79.2 1 1
github.com/kubeedge/kubeedge/cloud/pkg/common/client/client.go:81.24,83.16 2 1
github.com/kubeedge/kubeedge/cloud/pkg/common/client/client.go:83.16,86.3 2 1
github.com/kubeedge/kubeedge/cloud/pkg/common/client/client.go:87.2,87.11 1 1
github.com/kubeedge/kubeedge/cloud/pkg/common/client/client.go:94.47,96.16 2 1
github.com/kubeedge/kubeedge/cloud/pkg/common/client/client.go:96.16,98.3 1 1
github.com/kubeedge/kubeedge/cloud/pkg/common/client/client.go:99.2,99.57 1 0
github.com/kubeedge/kubeedge/cloud/pkg/common/client/impersonation.go:33.91,36.39 2 1
github.com/kubeedge/kubeedge/cloud/pkg/common/client/impersonation.go:36.39,38.3 1 1
github.com/kubeedge/kubeedge/cloud/pkg/common/client/impersonation.go:40.2,41.16 2 1
github.com/kubeedge/kubeedge/cloud/pkg/common/client/impersonation.go:41.16,42.85 1 1
github.com/kubeedge/kubeedge/cloud/pkg/common/client/impersonation.go:45.2,46.16 2 1
github.com/kubeedge/kubeedge/cloud/pkg/common/client/impersonation.go:46.16,47.66 1 0
github.com/kubeedge/kubeedge/cloud/pkg/common/client/impersonation.go:49.2,49.11 1 1
github.com/kubeedge/kubeedge/cloud/pkg/common/client/impersonation.go:52.96,55.16 3 1
github.com/kubeedge/kubeedge/cloud/pkg/common/client/impersonation.go:55.16,56.90 1 1
github.com/kubeedge/kubeedge/cloud/pkg/common/client/impersonation.go:59.2,60.16 2 1
github.com/kubeedge/kubeedge/cloud/pkg/common/client/impersonation.go:60.16,61.71 1 0
github.com/kubeedge/kubeedge/cloud/pkg/common/client/impersonation.go:63.2,63.11 1 1
github.com/kubeedge/kubeedge/cloud/pkg/common/client/impersonation.go:66.93,69.39 2 1
github.com/kubeedge/kubeedge/cloud/pkg/common/client/impersonation.go:69.39,71.3 1 1
github.com/kubeedge/kubeedge/cloud/pkg/common/client/impersonation.go:73.2,74.16 2 1
github.com/kubeedge/kubeedge/cloud/pkg/common/client/impersonation.go:74.16,75.89 1 1
github.com/kubeedge/kubeedge/cloud/pkg/common/client/impersonation.go:78.2,79.16 2 1
github.com/kubeedge/kubeedge/cloud/pkg/common/client/impersonation.go:79.16,80.70 1 0
github.com/kubeedge/kubeedge/cloud/pkg/common/client/impersonation.go:82.2,82.11 1 1
github.com/kubeedge/kubeedge/cloud/pkg/common/client/impersonation.go:85.84,87.16 2 1
github.com/kubeedge/kubeedge/cloud/pkg/common/client/impersonation.go:87.16,89.3 1 1
github.com/kubeedge/kubeedge/cloud/pkg/common/client/impersonation.go:91.2,97.8 1 1
github.com/kubeedge/kubeedge/cloud/pkg/common/client/impersonation.go:105.90,107.14 2 1
github.com/kubeedge/kubeedge/cloud/pkg/common/client/impersonation.go:107.14,108.81 1 1
github.com/kubeedge/kubeedge/cloud/pkg/common/client/impersonation.go:108.81,111.4 2 1
github.com/kubeedge/kubeedge/cloud/pkg/common/client/impersonation.go:112.3,112.82 1 1
github.com/kubeedge/kubeedge/cloud/pkg/common/client/impersonation.go:112.82,115.4 2 1
github.com/kubeedge/kubeedge/cloud/pkg/common/client/impersonation.go:117.2,119.28 2 1
github.com/kubeedge/kubeedge/cloud/pkg/common/client/namespace.go:26.68,29.76 3 1
github.com/kubeedge/kubeedge/cloud/pkg/common/client/namespace.go:29.76,31.3 1 1
github.com/kubeedge/kubeedge/cloud/pkg/common/client/namespace.go:32.2,38.47 3 1
github.com/kubeedge/kubeedge/cloud/pkg/common/client/namespace.go:38.47,40.3 1 0
github.com/kubeedge/kubeedge/cloud/pkg/common/client/namespace.go:41.2,41.12 1 1
github.com/kubeedge/kubeedge/cloud/pkg/common/client/secret.go:28.91,31.2 2 1
github.com/kubeedge/kubeedge/cloud/pkg/common/client/secret.go:34.78,36.57 2 1
github.com/kubeedge/kubeedge/cloud/pkg/common/client/secret.go:36.57,38.3 1 1
github.com/kubeedge/kubeedge/cloud/pkg/common/client/secret.go:39.2,39.96 1 1
github.com/kubeedge/kubeedge/cloud/pkg/common/client/secret.go:39.96,40.34 1 1
github.com/kubeedge/kubeedge/cloud/pkg/common/client/secret.go:40.34,41.98 1 1
github.com/kubeedge/kubeedge/cloud/pkg/common/client/secret.go:41.98,43.5 1 1
github.com/kubeedge/kubeedge/cloud/pkg/common/client/secret.go:44.9,46.4 1 1
github.com/kubeedge/kubeedge/cloud/pkg/common/client/secret.go:48.2,48.12 1 1
github.com/kubeedge/kubeedge/cloud/pkg/common/messagelayer/context.go:48.67,51.64 2 1
github.com/kubeedge/kubeedge/cloud/pkg/common/messagelayer/context.go:51.64,53.3 1 0
github.com/kubeedge/kubeedge/cloud/pkg/common/messagelayer/context.go:54.2,55.12 2 1
github.com/kubeedge/kubeedge/cloud/pkg/common/messagelayer/context.go:59.66,61.2 1 1
github.com/kubeedge/kubeedge/cloud/pkg/common/messagelayer/context.go:64.71,67.2 2 1
github.com/kubeedge/kubeedge/cloud/pkg/common/messagelayer/context.go:69.46,72.2 2 0
github.com/kubeedge/kubeedge/cloud/pkg/common/messagelayer/context.go:74.48,81.2 1 0
github.com/kubeedge/kubeedge/cloud/pkg/common/messagelayer/context.go:83.50,89.2 1 0
github.com/kubeedge/kubeedge/cloud/pkg/common/messagelayer/context.go:91.51,97.2 1 0
github.com/kubeedge/kubeedge/cloud/pkg/common/messagelayer/context.go:99.45,105.2 1 0
github.com/kubeedge/kubeedge/cloud/pkg/common/messagelayer/context.go:107.50,113.2 1 0
github.com/kubeedge/kubeedge/cloud/pkg/common/messagelayer/nodetask.go:28.77,32.2 1 1
github.com/kubeedge/kubeedge/cloud/pkg/common/messagelayer/util.go:49.101,50.59 1 1
github.com/kubeedge/kubeedge/cloud/pkg/common/messagelayer/util.go:50.59,53.3 2 1
github.com/kubeedge/kubeedge/cloud/pkg/common/messagelayer/util.go:55.2,56.22 2 1
github.com/kubeedge/kubeedge/cloud/pkg/common/messagelayer/util.go:56.22,58.3 1 1
github.com/kubeedge/kubeedge/cloud/pkg/common/messagelayer/util.go:59.2,59.8 1 1
github.com/kubeedge/kubeedge/cloud/pkg/common/messagelayer/util.go:63.61,65.23 2 1
github.com/kubeedge/kubeedge/cloud/pkg/common/messagelayer/util.go:65.23,67.3 1 1
github.com/kubeedge/kubeedge/cloud/pkg/common/messagelayer/util.go:68.2,68.19 1 1
github.com/kubeedge/kubeedge/cloud/pkg/common/messagelayer/util.go:72.51,74.15 2 1
github.com/kubeedge/kubeedge/cloud/pkg/common/messagelayer/util.go:74.15,76.3 1 1
github.com/kubeedge/kubeedge/cloud/pkg/common/messagelayer/util.go:77.2,78.17 2 1
github.com/kubeedge/kubeedge/cloud/pkg/common/messagelayer/util.go:82.54,84.15 2 1
github.com/kubeedge/kubeedge/cloud/pkg/common/messagelayer/util.go:84.15,86.3 1 1
github.com/kubeedge/kubeedge/cloud/pkg/common/messagelayer/util.go:87.2,88.17 2 1
github.com/kubeedge/kubeedge/cloud/pkg/common/messagelayer/util.go:92.57,94.15 2 1
github.com/kubeedge/kubeedge/cloud/pkg/common/messagelayer/util.go:94.15,96.3 1 1
github.com/kubeedge/kubeedge/cloud/pkg/common/messagelayer/util.go:97.2,98.17 2 1
github.com/kubeedge/kubeedge/cloud/pkg/common/messagelayer/util.go:102.57,104.15 2 1
github.com/kubeedge/kubeedge/cloud/pkg/common/messagelayer/util.go:104.15,106.3 1 1
github.com/kubeedge/kubeedge/cloud/pkg/common/messagelayer/util.go:107.2,108.17 2 1
github.com/kubeedge/kubeedge/cloud/pkg/common/messagelayer/util.go:112.78,113.44 1 1
github.com/kubeedge/kubeedge/cloud/pkg/common/messagelayer/util.go:113.44,115.3 1 1
github.com/kubeedge/kubeedge/cloud/pkg/common/messagelayer/util.go:116.2,116.84 1 1
github.com/kubeedge/kubeedge/cloud/pkg/common/messagelayer/util.go:120.99,121.40 1 1
github.com/kubeedge/kubeedge/cloud/pkg/common/messagelayer/util.go:121.40,124.3 2 1
github.com/kubeedge/kubeedge/cloud/pkg/common/messagelayer/util.go:125.2,126.22 2 1
github.com/kubeedge/kubeedge/cloud/pkg/common/messagelayer/util.go:126.22,128.3 1 1
github.com/kubeedge/kubeedge/cloud/pkg/common/messagelayer/util.go:129.2,129.8 1 1
github.com/kubeedge/kubeedge/cloud/pkg/common/messagelayer/util.go:133.51,135.94 2 1
github.com/kubeedge/kubeedge/cloud/pkg/common/messagelayer/util.go:135.94,137.3 1 1
github.com/kubeedge/kubeedge/cloud/pkg/common/messagelayer/util.go:138.2,138.50 1 1
github.com/kubeedge/kubeedge/cloud/pkg/common/messagelayer/util.go:142.64,143.61 1 1
github.com/kubeedge/kubeedge/cloud/pkg/common/messagelayer/util.go:143.61,145.3 1 1
github.com/kubeedge/kubeedge/cloud/pkg/common/messagelayer/util.go:145.8,145.69 1 1
github.com/kubeedge/kubeedge/cloud/pkg/common/messagelayer/util.go:145.69,147.3 1 1
github.com/kubeedge/kubeedge/cloud/pkg/common/messagelayer/util.go:147.8,147.67 1 1
github.com/kubeedge/kubeedge/cloud/pkg/common/messagelayer/util.go:147.67,149.3 1 0
github.com/kubeedge/kubeedge/cloud/pkg/common/messagelayer/util.go:150.2,150.64 1 1
github.com/kubeedge/kubeedge/cloud/pkg/common/monitor/monitor.go:55.24,56.25 1 0
github.com/kubeedge/kubeedge/cloud/pkg/common/monitor/monitor.go:56.25,60.3 1 0
github.com/kubeedge/kubeedge/cloud/pkg/common/monitor/monitor.go:63.49,69.2 5 0
github.com/kubeedge/kubeedge/cloud/pkg/common/monitor/monitor.go:72.48,77.28 4 0
github.com/kubeedge/kubeedge/cloud/pkg/common/monitor/monitor.go:77.28,79.3 1 0
github.com/kubeedge/kubeedge/cloud/pkg/common/monitor/monitor.go:81.2,86.12 2 0
github.com/kubeedge/kubeedge/cloud/pkg/common/monitor/monitor.go:86.12,93.41 5 0
github.com/kubeedge/kubeedge/cloud/pkg/common/monitor/monitor.go:93.41,95.4 1 0
github.com/kubeedge/kubeedge/cloud/pkg/common/monitor/monitor.go:98.2,99.31 2 0
github.com/kubeedge/kubeedge/cloud/pkg/common/informers/fake_informer_manager.go:50.39,64.2 4 0
github.com/kubeedge/kubeedge/cloud/pkg/common/informers/fake_informer_manager.go:67.83,69.2 1 0
github.com/kubeedge/kubeedge/cloud/pkg/common/informers/fake_informer_manager.go:72.88,74.2 1 0
github.com/kubeedge/kubeedge/cloud/pkg/common/informers/fake_informer_manager.go:77.97,79.2 1 0
github.com/kubeedge/kubeedge/cloud/pkg/common/informers/fake_informer_manager.go:82.48,83.2 0 0
github.com/kubeedge/kubeedge/cloud/pkg/common/informers/fake_informer_manager.go:86.96,87.13 1 0
github.com/kubeedge/kubeedge/cloud/pkg/common/informers/fake_informer_manager.go:88.79,93.9 4 0
github.com/kubeedge/kubeedge/cloud/pkg/common/informers/fake_informer_manager.go:93.9,95.4 1 0
github.com/kubeedge/kubeedge/cloud/pkg/common/informers/fake_informer_manager.go:97.3,98.17 2 0
github.com/kubeedge/kubeedge/cloud/pkg/common/informers/fake_informer_manager.go:98.17,100.4 1 0
github.com/kubeedge/kubeedge/cloud/pkg/common/informers/fake_informer_manager.go:101.3,106.37 2 0
github.com/kubeedge/kubeedge/cloud/pkg/common/informers/fake_informer_manager.go:108.10,109.18 1 0
github.com/kubeedge/kubeedge/cloud/pkg/common/informers/fake_informer_manager.go:114.96,116.16 2 0
github.com/kubeedge/kubeedge/cloud/pkg/common/informers/fake_informer_manager.go:116.16,118.3 1 0
github.com/kubeedge/kubeedge/cloud/pkg/common/informers/fake_informer_manager.go:119.2,119.33 1 0
github.com/kubeedge/kubeedge/cloud/pkg/common/informers/fake_informer_manager.go:122.61,125.2 2 0
github.com/kubeedge/kubeedge/cloud/pkg/common/informers/informer_manager.go:130.36,131.17 1 0
github.com/kubeedge/kubeedge/cloud/pkg/common/informers/informer_manager.go:131.17,133.17 2 0
github.com/kubeedge/kubeedge/cloud/pkg/common/informers/informer_manager.go:133.17,134.54 1 0
github.com/kubeedge/kubeedge/cloud/pkg/common/informers/informer_manager.go:137.3,147.4 1 0
github.com/kubeedge/kubeedge/cloud/pkg/common/informers/informer_manager.go:149.2,149.24 1 0
github.com/kubeedge/kubeedge/cloud/pkg/common/informers/informer_manager.go:152.82,154.2 1 0
github.com/kubeedge/kubeedge/cloud/pkg/common/informers/informer_manager.go:156.88,158.2 1 0
github.com/kubeedge/kubeedge/cloud/pkg/common/informers/informer_manager.go:160.96,162.2 1 0
github.com/kubeedge/kubeedge/cloud/pkg/common/informers/informer_manager.go:164.60,165.79 1 0
github.com/kubeedge/kubeedge/cloud/pkg/common/informers/informer_manager.go:165.79,168.55 3 0
github.com/kubeedge/kubeedge/cloud/pkg/common/informers/informer_manager.go:168.55,170.4 1 0
github.com/kubeedge/kubeedge/cloud/pkg/common/informers/informer_manager.go:171.3,172.91 2 0
github.com/kubeedge/kubeedge/cloud/pkg/common/informers/informer_manager.go:184.53,188.50 3 0
github.com/kubeedge/kubeedge/cloud/pkg/common/informers/informer_manager.go:188.50,191.3 2 0
github.com/kubeedge/kubeedge/cloud/pkg/common/informers/informer_manager.go:192.2,194.42 3 0
github.com/kubeedge/kubeedge/cloud/pkg/common/informers/informer_manager.go:198.95,202.11 4 0
github.com/kubeedge/kubeedge/cloud/pkg/common/informers/informer_manager.go:202.11,204.3 1 0
github.com/kubeedge/kubeedge/cloud/pkg/common/informers/informer_manager.go:205.2,207.17 3 0
github.com/kubeedge/kubeedge/cloud/pkg/common/informers/informer_manager.go:210.95,212.16 2 0
github.com/kubeedge/kubeedge/cloud/pkg/common/informers/informer_manager.go:212.16,214.3 1 0
github.com/kubeedge/kubeedge/cloud/pkg/common/informers/informer_manager.go:215.2,215.33 1 0
github.com/kubeedge/kubeedge/cloud/pkg/common/informers/informer_manager.go:218.95,223.8 4 0
github.com/kubeedge/kubeedge/cloud/pkg/common/informers/informer_manager.go:223.8,225.3 1 0
github.com/kubeedge/kubeedge/cloud/pkg/common/informers/informer_manager.go:227.2,227.33 1 0
github.com/kubeedge/kubeedge/cloud/pkg/common/informers/informer_manager.go:230.95,232.16 2 0
github.com/kubeedge/kubeedge/cloud/pkg/common/informers/informer_manager.go:232.16,234.3 1 0
github.com/kubeedge/kubeedge/cloud/pkg/common/informers/informer_manager.go:236.2,243.40 3 0
github.com/kubeedge/kubeedge/cloud/pkg/common/informers/informer_manager.go:243.40,246.75 2 0
github.com/kubeedge/kubeedge/cloud/pkg/common/informers/informer_manager.go:246.75,248.4 1 0
github.com/kubeedge/kubeedge/cloud/pkg/common/informers/informer_manager.go:251.2,251.26 1 0
github.com/kubeedge/kubeedge/cloud/pkg/common/informers/informer_manager.go:254.105,256.16 2 0
github.com/kubeedge/kubeedge/cloud/pkg/common/informers/informer_manager.go:256.16,258.3 1 0
github.com/kubeedge/kubeedge/cloud/pkg/common/informers/informer_manager.go:260.2,262.9 2 0
github.com/kubeedge/kubeedge/cloud/pkg/common/informers/informer_manager.go:263.34,267.17 3 0
github.com/kubeedge/kubeedge/cloud/pkg/common/informers/informer_manager.go:267.17,269.4 1 0
github.com/kubeedge/kubeedge/cloud/pkg/common/informers/informer_manager.go:270.3,270.44 1 0
github.com/kubeedge/kubeedge/cloud/pkg/common/informers/informer_manager.go:272.38,276.17 3 0
github.com/kubeedge/kubeedge/cloud/pkg/common/informers/informer_manager.go:276.17,278.4 1 0
github.com/kubeedge/kubeedge/cloud/pkg/common/informers/informer_manager.go:279.3,279.48 1 0
github.com/kubeedge/kubeedge/cloud/pkg/common/informers/informer_manager.go:281.10,284.47 3 0
github.com/kubeedge/kubeedge/cloud/pkg/common/informers/informer_manager.go:287.2,287.29 1 0
github.com/kubeedge/kubeedge/cloud/pkg/common/context/context.go:30.71,34.2 3 0
github.com/kubeedge/kubeedge/cloud/pkg/common/context/context.go:37.74,39.45 2 0
github.com/kubeedge/kubeedge/cloud/pkg/common/context/context.go:39.45,41.3 1 0
github.com/kubeedge/kubeedge/cloud/pkg/common/context/context.go:42.2,42.12 1 0
