mode: set
github.com/kubeedge/kubeedge/cloud/pkg/common/informers/fake_informer_manager.go:50.39,64.2 4 1
github.com/kubeedge/kubeedge/cloud/pkg/common/informers/fake_informer_manager.go:67.83,69.2 1 1
github.com/kubeedge/kubeedge/cloud/pkg/common/informers/fake_informer_manager.go:72.88,74.2 1 1
github.com/kubeedge/kubeedge/cloud/pkg/common/informers/fake_informer_manager.go:77.97,79.2 1 1
github.com/kubeedge/kubeedge/cloud/pkg/common/informers/fake_informer_manager.go:82.48,83.2 0 1
github.com/kubeedge/kubeedge/cloud/pkg/common/informers/fake_informer_manager.go:86.96,87.13 1 1
github.com/kubeedge/kubeedge/cloud/pkg/common/informers/fake_informer_manager.go:88.79,93.9 4 1
github.com/kubeedge/kubeedge/cloud/pkg/common/informers/fake_informer_manager.go:93.9,95.4 1 1
github.com/kubeedge/kubeedge/cloud/pkg/common/informers/fake_informer_manager.go:97.3,98.17 2 1
github.com/kubeedge/kubeedge/cloud/pkg/common/informers/fake_informer_manager.go:98.17,100.4 1 0
github.com/kubeedge/kubeedge/cloud/pkg/common/informers/fake_informer_manager.go:101.3,106.37 2 1
github.com/kubeedge/kubeedge/cloud/pkg/common/informers/fake_informer_manager.go:108.10,109.18 1 1
github.com/kubeedge/kubeedge/cloud/pkg/common/informers/fake_informer_manager.go:114.96,116.16 2 1
github.com/kubeedge/kubeedge/cloud/pkg/common/informers/fake_informer_manager.go:116.16,118.3 1 0
github.com/kubeedge/kubeedge/cloud/pkg/common/informers/fake_informer_manager.go:119.2,119.25 1 1
github.com/kubeedge/kubeedge/cloud/pkg/common/informers/fake_informer_manager.go:119.25,121.3 1 1
github.com/kubeedge/kubeedge/cloud/pkg/common/informers/fake_informer_manager.go:122.2,122.33 1 1
github.com/kubeedge/kubeedge/cloud/pkg/common/informers/fake_informer_manager.go:125.61,128.2 2 1
github.com/kubeedge/kubeedge/cloud/pkg/common/informers/informer_manager.go:130.36,131.17 1 0
github.com/kubeedge/kubeedge/cloud/pkg/common/informers/informer_manager.go:131.17,133.17 2 0
github.com/kubeedge/kubeedge/cloud/pkg/common/informers/informer_manager.go:133.17,134.54 1 0
github.com/kubeedge/kubeedge/cloud/pkg/common/informers/informer_manager.go:137.3,147.4 1 0
github.com/kubeedge/kubeedge/cloud/pkg/common/informers/informer_manager.go:149.2,149.24 1 0
github.com/kubeedge/kubeedge/cloud/pkg/common/informers/informer_manager.go:152.82,154.2 1 0
github.com/kubeedge/kubeedge/cloud/pkg/common/informers/informer_manager.go:156.88,158.2 1 0
github.com/kubeedge/kubeedge/cloud/pkg/common/informers/informer_manager.go:160.96,162.2 1 0
github.com/kubeedge/kubeedge/cloud/pkg/common/informers/informer_manager.go:164.60,165.79 1 0
github.com/kubeedge/kubeedge/cloud/pkg/common/informers/informer_manager.go:165.79,168.55 3 0
github.com/kubeedge/kubeedge/cloud/pkg/common/informers/informer_manager.go:168.55,170.4 1 0
github.com/kubeedge/kubeedge/cloud/pkg/common/informers/informer_manager.go:171.3,172.91 2 0
github.com/kubeedge/kubeedge/cloud/pkg/common/informers/informer_manager.go:184.53,188.50 3 0
github.com/kubeedge/kubeedge/cloud/pkg/common/informers/informer_manager.go:188.50,191.3 2 0
github.com/kubeedge/kubeedge/cloud/pkg/common/informers/informer_manager.go:192.2,194.42 3 0
github.com/kubeedge/kubeedge/cloud/pkg/common/informers/informer_manager.go:198.95,202.11 4 0
github.com/kubeedge/kubeedge/cloud/pkg/common/informers/informer_manager.go:202.11,204.3 1 0
github.com/kubeedge/kubeedge/cloud/pkg/common/informers/informer_manager.go:205.2,207.17 3 0
github.com/kubeedge/kubeedge/cloud/pkg/common/informers/informer_manager.go:210.95,212.16 2 0
github.com/kubeedge/kubeedge/cloud/pkg/common/informers/informer_manager.go:212.16,214.3 1 0
github.com/kubeedge/kubeedge/cloud/pkg/common/informers/informer_manager.go:215.2,215.33 1 0
github.com/kubeedge/kubeedge/cloud/pkg/common/informers/informer_manager.go:218.95,223.8 4 0
github.com/kubeedge/kubeedge/cloud/pkg/common/informers/informer_manager.go:223.8,225.3 1 0
github.com/kubeedge/kubeedge/cloud/pkg/common/informers/informer_manager.go:227.2,227.33 1 0
github.com/kubeedge/kubeedge/cloud/pkg/common/informers/informer_manager.go:230.95,232.16 2 0
github.com/kubeedge/kubeedge/cloud/pkg/common/informers/informer_manager.go:232.16,234.3 1 0
github.com/kubeedge/kubeedge/cloud/pkg/common/informers/informer_manager.go:236.2,243.40 3 0
github.com/kubeedge/kubeedge/cloud/pkg/common/informers/informer_manager.go:243.40,246.75 2 0
github.com/kubeedge/kubeedge/cloud/pkg/common/informers/informer_manager.go:246.75,248.4 1 0
github.com/kubeedge/kubeedge/cloud/pkg/common/informers/informer_manager.go:251.2,251.26 1 0
github.com/kubeedge/kubeedge/cloud/pkg/common/informers/informer_manager.go:254.105,256.16 2 0
github.com/kubeedge/kubeedge/cloud/pkg/common/informers/informer_manager.go:256.16,258.3 1 0
github.com/kubeedge/kubeedge/cloud/pkg/common/informers/informer_manager.go:260.2,262.9 2 0
github.com/kubeedge/kubeedge/cloud/pkg/common/informers/informer_manager.go:263.34,267.17 3 0
github.com/kubeedge/kubeedge/cloud/pkg/common/informers/informer_manager.go:267.17,269.4 1 0
github.com/kubeedge/kubeedge/cloud/pkg/common/informers/informer_manager.go:270.3,270.44 1 0
github.com/kubeedge/kubeedge/cloud/pkg/common/informers/informer_manager.go:272.38,276.17 3 0
github.com/kubeedge/kubeedge/cloud/pkg/common/informers/informer_manager.go:276.17,278.4 1 0
github.com/kubeedge/kubeedge/cloud/pkg/common/informers/informer_manager.go:279.3,279.48 1 0
github.com/kubeedge/kubeedge/cloud/pkg/common/informers/informer_manager.go:281.10,284.47 3 0
github.com/kubeedge/kubeedge/cloud/pkg/common/informers/informer_manager.go:287.2,287.29 1 0
